// Jest Snapshot v1, https://goo.gl/fbAQLP

exports[`Testing footer component footer renders correctly 1`] = `
<footer>
  <div
    className="container"
  >
    <div
      className="row"
    >
      <div
        className="text-center py-3 col"
        id="footerText"
      >
        Copyright Â© MyWebSite
      </div>
    </div>
  </div>
</footer>
`;
