// Jest Snapshot v1, https://goo.gl/fbAQLP

exports[`Testing message component renders 1`] = `
<DocumentFragment>
  <div
    class="container"
  >
    <div
      class="justify-content-md-center row"
    >
      <div
        class="col-md-6 col-12"
      >
        test
      </div>
    </div>
  </div>
</DocumentFragment>
`;
